# release_and_ci — gh api, run 2026-10-02T17:28:02Z · gh version 2.67.0 (2025-02-11)

## release assets (bytes, MiB)
v0.3.1 published 2026-09-29T04:43:55Z prerelease=false
   Gavia-0.3.1-1.x86_64.rpm  48815450 B  46.6 MiB  uploaded 2026-09-29T04:50:37Z by github-actions[bot]
   Gavia.app.tar.gz  47033831 B  44.9 MiB  uploaded 2026-09-29T04:50:07Z by github-actions[bot]
   Gavia.app.tar.gz.sig  404 B  0 MiB  uploaded 2026-09-29T04:50:07Z by github-actions[bot]
   Gavia_0.3.1_aarch64.dmg  48342473 B  46.1 MiB  uploaded 2026-09-29T04:50:07Z by github-actions[bot]
   Gavia_0.3.1_amd64.AppImage  121596408 B  116 MiB  uploaded 2026-09-29T04:50:37Z by github-actions[bot]
   Gavia_0.3.1_amd64.AppImage.sig  416 B  0 MiB  uploaded 2026-09-29T04:50:37Z by github-actions[bot]
   Gavia_0.3.1_amd64.deb  48809948 B  46.5 MiB  uploaded 2026-09-29T04:50:37Z by github-actions[bot]
   Gavia_0.3.1_x64-setup.exe  40212721 B  38.3 MiB  uploaded 2026-09-29T04:52:34Z by github-actions[bot]
   Gavia_0.3.1_x64-setup.exe.sig  416 B  0 MiB  uploaded 2026-09-29T04:52:34Z by github-actions[bot]
   latest.json  1833 B  0 MiB  uploaded 2026-09-29T04:52:49Z by github-actions[bot]
v0.3.0 published 2026-09-29T03:50:43Z prerelease=false
   Gavia-0.3.0-1.x86_64.rpm  48806622 B  46.5 MiB  uploaded 2026-09-29T03:59:37Z by github-actions[bot]
   Gavia.app.tar.gz  47025220 B  44.8 MiB  uploaded 2026-09-29T03:56:30Z by github-actions[bot]
   Gavia.app.tar.gz.sig  404 B  0 MiB  uploaded 2026-09-29T03:56:30Z by github-actions[bot]
   Gavia_0.3.0_aarch64.dmg  48338789 B  46.1 MiB  uploaded 2026-09-29T03:56:30Z by github-actions[bot]
   Gavia_0.3.0_amd64.AppImage  121596408 B  116 MiB  uploaded 2026-09-29T03:59:37Z by github-actions[bot]
   Gavia_0.3.0_amd64.AppImage.sig  416 B  0 MiB  uploaded 2026-09-29T03:59:37Z by github-actions[bot]
   Gavia_0.3.0_amd64.deb  48806632 B  46.5 MiB  uploaded 2026-09-29T03:59:37Z by github-actions[bot]
   Gavia_0.3.0_x64-setup.exe  40208733 B  38.3 MiB  uploaded 2026-09-29T04:01:24Z by github-actions[bot]
   Gavia_0.3.0_x64-setup.exe.sig  416 B  0 MiB  uploaded 2026-09-29T04:01:24Z by github-actions[bot]
   latest.json  1833 B  0 MiB  uploaded 2026-09-29T04:03:20Z by nikhil-kunapareddy
v0.2.0 published 2026-09-23T09:12:20Z prerelease=true
   Gavia-0.2.0-1.x86_64.rpm  47567402 B  45.4 MiB  uploaded 2026-09-23T09:19:48Z by github-actions[bot]
   Gavia_0.2.0_aarch64.dmg  47183690 B  45 MiB  uploaded 2026-09-23T09:17:51Z by github-actions[bot]
   Gavia_0.2.0_amd64.AppImage  120445432 B  114.9 MiB  uploaded 2026-09-23T09:19:48Z by github-actions[bot]
   Gavia_0.2.0_amd64.deb  47566422 B  45.4 MiB  uploaded 2026-09-23T09:19:48Z by github-actions[bot]
   Gavia_0.2.0_x64-setup.exe  39228628 B  37.4 MiB  uploaded 2026-09-23T09:20:58Z by github-actions[bot]

## update manifests (latest.json)
### v0.3.0
   version 0.3.0 pub_date 2026-09-29T04:03:19.691Z
   darwin-aarch64 Gavia.app.tar.gz signature 404 chars
   windows-x86_64 Gavia_0.3.0_x64-setup.exe signature 416 chars
   linux-x86_64 Gavia_0.3.0_amd64.AppImage signature 416 chars
### v0.3.1
   version 0.3.1 pub_date 2026-09-29T04:52:48.867Z
   darwin-aarch64 Gavia.app.tar.gz signature 404 chars
   windows-x86_64 Gavia_0.3.1_x64-setup.exe signature 416 chars
   linux-x86_64 Gavia_0.3.1_amd64.AppImage signature 416 chars

## updater config (desktop/src-tauri/tauri.conf.json @ v0.3.1)
   endpoints ['https://github.com/nikhil-kunapareddy/gavia/releases/latest/download/latest.json']
   pubkey (minisign, base64) dW50cnVzdGVkIGNvbW1lbnQ6…

## CI on the two release tags
### v0.3.0 run 36518938985
   installers (Linux): success
   installers (Windows): success
   installers (macOS): success
   frontend: skipped
   rust (${{ matrix.name }}): skipped
   audit: skipped
   update manifest: skipped
### v0.3.1 run 36522924272
   installers (Windows): success
   installers (Linux): success
   installers (macOS): success
   frontend: skipped
   audit: skipped
   rust (${{ matrix.name }}): skipped
   update manifest: success
