# ui_batch — the B01 take: ui/survey.zip through the installed Gavia 0.3.1, recorded 2026-10-02
# app: /Applications/Gavia.app 0.3.1 (ai.humanitarians.gavia), GAVIA_DATA_DIR=<scratch>, machine: Apple M2 Pro, macOS 26.6.2
# driven by rec/take_batch.sh (pointer + keys via CGEvent/System Events), recorded by ffmpeg avfoundation, 60 fps, 3040x1710 window crop

## timeline (s after recording start)
   -10.96  launch
     0.00  rec_start
     3.09  click Upload photos
     5.22  panel
     6.07  dialog_go
     9.86  dialog_open
    10.90  batch_page
    14.05  click Check 25 images
    18.48  batch_done
    24.11  scrolled
    26.56  click photo-19.jpg
    28.74  detail
    33.70  click Back to all images
    39.04  top
    40.97  click Save 23 with loons
    45.12  end

## the app's log for this take — one line per photo, in checking order photo-01 … photo-25
  photo-01  1 found  195.9 ms  3,816,835 px
  photo-02  1 found  166.1 ms  7,770,264 px
  photo-03  1 found  159.6 ms  11,059,200 px
  photo-04  0 found  102.6 ms  2,764,800 px
  photo-05  1 found  155.5 ms  11,059,200 px
  photo-06  4 found  131.5 ms  3,668,654 px
  photo-07  1 found  107.5 ms  4,132,500 px
  photo-08  1 found  121.8 ms  4,752,600 px
  photo-09  2 found  147.9 ms  9,830,400 px
  photo-10  2 found  148.9 ms  9,830,400 px
  photo-11  1 found  157.1 ms  9,980,928 px
  photo-12  0 found  100.2 ms  2,764,800 px
  photo-13  1 found  168.6 ms  9,980,928 px
  photo-14  1 found  113.4 ms  2,693,780 px
  photo-15  1 found  151.4 ms  9,941,760 px
  photo-16  1 found  94.4 ms  2,457,600 px
  photo-17  2 found  89.3 ms  1,383,732 px
  photo-18  1 found  94.8 ms  2,457,600 px
  photo-19  1 found  95.2 ms  2,457,600 px
  photo-20  1 found  98.3 ms  2,457,600 px
  photo-21  1 found  95.9 ms  2,457,600 px
  photo-22  1 found  90.9 ms  2,298,240 px
  photo-23  1 found  97.6 ms  2,492,160 px
  photo-24  1 found  96.5 ms  2,770,560 px
  photo-25  1 found  93.5 ms  2,442,240 px

  detection time: sum 3074 ms, mean 123 ms, min 89, max 196
  wall time, read from the recording at 60 fps: button press 15.633 s -> heading 'Loons in 23 of 25 images' 19.150 s = 3.52 s
  (the timeline's 'click' marks precede a 0.7 s pointer glide, so timeline gaps overstate this by ~0.8 s)

## what the app showed (accessibility labels read during the run, same build and inputs)
  heading: "Loons in 23 of 25 images"; button: "Save 23 with loons" -> "Saved to history"
  photo-04.jpg No loon detected        (lake-01, Fanshawe Lake shoreline)
  photo-12.jpg No loon detected        (lake-02, Boundary Waters, Korb River)
  photo-19.jpg 1 loon · 41%            (lake-03, Little Gabro Lake — NO loon in the photo; the box is on a pine branch, top right)
  the other 22 (all loon photos): 1–4 loons, highest confidence 71–92%
  -> photos with a loon: truth 22 of 25; app 23 of 25 (all 22 loon photos + 1 of 3 lakes)
